Archive member included to satisfy reference by file (symbol)

c:/devkitpro/msys2/mingw64/bin/../lib/gcc/arm-none-eabi/10.1.0/../../../../arm-none-eabi/lib/thumb/v7e-m/nofp\libc_nano.a(lib_a-atexit.o)
                              c:/devkitpro/msys2/mingw64/bin/../lib/gcc/arm-none-eabi/10.1.0/../../../../arm-none-eabi/lib/thumb/v7e-m/nofp/crt0.o (atexit)
c:/devkitpro/msys2/mingw64/bin/../lib/gcc/arm-none-eabi/10.1.0/../../../../arm-none-eabi/lib/thumb/v7e-m/nofp\libc_nano.a(lib_a-errno.o)
                              syscalls.o (__errno)
c:/devkitpro/msys2/mingw64/bin/../lib/gcc/arm-none-eabi/10.1.0/../../../../arm-none-eabi/lib/thumb/v7e-m/nofp\libc_nano.a(lib_a-exit.o)
                              c:/devkitpro/msys2/mingw64/bin/../lib/gcc/arm-none-eabi/10.1.0/../../../../arm-none-eabi/lib/thumb/v7e-m/nofp/crt0.o (exit)
c:/devkitpro/msys2/mingw64/bin/../lib/gcc/arm-none-eabi/10.1.0/../../../../arm-none-eabi/lib/thumb/v7e-m/nofp\libc_nano.a(lib_a-fini.o)
                              c:/devkitpro/msys2/mingw64/bin/../lib/gcc/arm-none-eabi/10.1.0/../../../../arm-none-eabi/lib/thumb/v7e-m/nofp/crt0.o (__libc_fini_array)
c:/devkitpro/msys2/mingw64/bin/../lib/gcc/arm-none-eabi/10.1.0/../../../../arm-none-eabi/lib/thumb/v7e-m/nofp\libc_nano.a(lib_a-impure.o)
                              c:/devkitpro/msys2/mingw64/bin/../lib/gcc/arm-none-eabi/10.1.0/../../../../arm-none-eabi/lib/thumb/v7e-m/nofp\libc_nano.a(lib_a-exit.o) (_global_impure_ptr)
c:/devkitpro/msys2/mingw64/bin/../lib/gcc/arm-none-eabi/10.1.0/../../../../arm-none-eabi/lib/thumb/v7e-m/nofp\libc_nano.a(lib_a-init.o)
                              c:/devkitpro/msys2/mingw64/bin/../lib/gcc/arm-none-eabi/10.1.0/../../../../arm-none-eabi/lib/thumb/v7e-m/nofp/crt0.o (__libc_init_array)
c:/devkitpro/msys2/mingw64/bin/../lib/gcc/arm-none-eabi/10.1.0/../../../../arm-none-eabi/lib/thumb/v7e-m/nofp\libc_nano.a(lib_a-memset.o)
                              c:/devkitpro/msys2/mingw64/bin/../lib/gcc/arm-none-eabi/10.1.0/../../../../arm-none-eabi/lib/thumb/v7e-m/nofp/crt0.o (memset)
c:/devkitpro/msys2/mingw64/bin/../lib/gcc/arm-none-eabi/10.1.0/../../../../arm-none-eabi/lib/thumb/v7e-m/nofp\libc_nano.a(lib_a-puts.o)
                              main.o (puts)
c:/devkitpro/msys2/mingw64/bin/../lib/gcc/arm-none-eabi/10.1.0/../../../../arm-none-eabi/lib/thumb/v7e-m/nofp\libc_nano.a(lib_a-wbuf.o)
                              c:/devkitpro/msys2/mingw64/bin/../lib/gcc/arm-none-eabi/10.1.0/../../../../arm-none-eabi/lib/thumb/v7e-m/nofp\libc_nano.a(lib_a-puts.o) (__swbuf_r)
c:/devkitpro/msys2/mingw64/bin/../lib/gcc/arm-none-eabi/10.1.0/../../../../arm-none-eabi/lib/thumb/v7e-m/nofp\libc_nano.a(lib_a-wsetup.o)
                              c:/devkitpro/msys2/mingw64/bin/../lib/gcc/arm-none-eabi/10.1.0/../../../../arm-none-eabi/lib/thumb/v7e-m/nofp\libc_nano.a(lib_a-puts.o) (__swsetup_r)
c:/devkitpro/msys2/mingw64/bin/../lib/gcc/arm-none-eabi/10.1.0/../../../../arm-none-eabi/lib/thumb/v7e-m/nofp\libc_nano.a(lib_a-__atexit.o)
                              c:/devkitpro/msys2/mingw64/bin/../lib/gcc/arm-none-eabi/10.1.0/../../../../arm-none-eabi/lib/thumb/v7e-m/nofp\libc_nano.a(lib_a-atexit.o) (__register_exitproc)
c:/devkitpro/msys2/mingw64/bin/../lib/gcc/arm-none-eabi/10.1.0/../../../../arm-none-eabi/lib/thumb/v7e-m/nofp\libc_nano.a(lib_a-__call_atexit.o)
                              c:/devkitpro/msys2/mingw64/bin/../lib/gcc/arm-none-eabi/10.1.0/../../../../arm-none-eabi/lib/thumb/v7e-m/nofp\libc_nano.a(lib_a-__atexit.o) (__call_exitprocs)
c:/devkitpro/msys2/mingw64/bin/../lib/gcc/arm-none-eabi/10.1.0/../../../../arm-none-eabi/lib/thumb/v7e-m/nofp\libc_nano.a(lib_a-fflush.o)
                              c:/devkitpro/msys2/mingw64/bin/../lib/gcc/arm-none-eabi/10.1.0/../../../../arm-none-eabi/lib/thumb/v7e-m/nofp\libc_nano.a(lib_a-wbuf.o) (_fflush_r)
c:/devkitpro/msys2/mingw64/bin/../lib/gcc/arm-none-eabi/10.1.0/../../../../arm-none-eabi/lib/thumb/v7e-m/nofp\libc_nano.a(lib_a-findfp.o)
                              c:/devkitpro/msys2/mingw64/bin/../lib/gcc/arm-none-eabi/10.1.0/../../../../arm-none-eabi/lib/thumb/v7e-m/nofp\libc_nano.a(lib_a-puts.o) (__sinit)
c:/devkitpro/msys2/mingw64/bin/../lib/gcc/arm-none-eabi/10.1.0/../../../../arm-none-eabi/lib/thumb/v7e-m/nofp\libc_nano.a(lib_a-fwalk.o)
                              c:/devkitpro/msys2/mingw64/bin/../lib/gcc/arm-none-eabi/10.1.0/../../../../arm-none-eabi/lib/thumb/v7e-m/nofp\libc_nano.a(lib_a-findfp.o) (_fwalk)
c:/devkitpro/msys2/mingw64/bin/../lib/gcc/arm-none-eabi/10.1.0/../../../../arm-none-eabi/lib/thumb/v7e-m/nofp\libc_nano.a(lib_a-lock.o)
                              c:/devkitpro/msys2/mingw64/bin/../lib/gcc/arm-none-eabi/10.1.0/../../../../arm-none-eabi/lib/thumb/v7e-m/nofp\libc_nano.a(lib_a-findfp.o) (__retarget_lock_init_recursive)
c:/devkitpro/msys2/mingw64/bin/../lib/gcc/arm-none-eabi/10.1.0/../../../../arm-none-eabi/lib/thumb/v7e-m/nofp\libc_nano.a(lib_a-makebuf.o)
                              c:/devkitpro/msys2/mingw64/bin/../lib/gcc/arm-none-eabi/10.1.0/../../../../arm-none-eabi/lib/thumb/v7e-m/nofp\libc_nano.a(lib_a-wsetup.o) (__smakebuf_r)
c:/devkitpro/msys2/mingw64/bin/../lib/gcc/arm-none-eabi/10.1.0/../../../../arm-none-eabi/lib/thumb/v7e-m/nofp\libc_nano.a(lib_a-nano-freer.o)
                              c:/devkitpro/msys2/mingw64/bin/../lib/gcc/arm-none-eabi/10.1.0/../../../../arm-none-eabi/lib/thumb/v7e-m/nofp\libc_nano.a(lib_a-wsetup.o) (_free_r)
c:/devkitpro/msys2/mingw64/bin/../lib/gcc/arm-none-eabi/10.1.0/../../../../arm-none-eabi/lib/thumb/v7e-m/nofp\libc_nano.a(lib_a-nano-mallocr.o)
                              c:/devkitpro/msys2/mingw64/bin/../lib/gcc/arm-none-eabi/10.1.0/../../../../arm-none-eabi/lib/thumb/v7e-m/nofp\libc_nano.a(lib_a-findfp.o) (_malloc_r)
c:/devkitpro/msys2/mingw64/bin/../lib/gcc/arm-none-eabi/10.1.0/../../../../arm-none-eabi/lib/thumb/v7e-m/nofp\libc_nano.a(lib_a-sbrkr.o)
                              c:/devkitpro/msys2/mingw64/bin/../lib/gcc/arm-none-eabi/10.1.0/../../../../arm-none-eabi/lib/thumb/v7e-m/nofp\libc_nano.a(lib_a-nano-mallocr.o) (_sbrk_r)
c:/devkitpro/msys2/mingw64/bin/../lib/gcc/arm-none-eabi/10.1.0/../../../../arm-none-eabi/lib/thumb/v7e-m/nofp\libc_nano.a(lib_a-stdio.o)
                              c:/devkitpro/msys2/mingw64/bin/../lib/gcc/arm-none-eabi/10.1.0/../../../../arm-none-eabi/lib/thumb/v7e-m/nofp\libc_nano.a(lib_a-findfp.o) (__sread)
c:/devkitpro/msys2/mingw64/bin/../lib/gcc/arm-none-eabi/10.1.0/../../../../arm-none-eabi/lib/thumb/v7e-m/nofp\libc_nano.a(lib_a-writer.o)
                              c:/devkitpro/msys2/mingw64/bin/../lib/gcc/arm-none-eabi/10.1.0/../../../../arm-none-eabi/lib/thumb/v7e-m/nofp\libc_nano.a(lib_a-stdio.o) (_write_r)
c:/devkitpro/msys2/mingw64/bin/../lib/gcc/arm-none-eabi/10.1.0/../../../../arm-none-eabi/lib/thumb/v7e-m/nofp\libc_nano.a(lib_a-closer.o)
                              c:/devkitpro/msys2/mingw64/bin/../lib/gcc/arm-none-eabi/10.1.0/../../../../arm-none-eabi/lib/thumb/v7e-m/nofp\libc_nano.a(lib_a-stdio.o) (_close_r)
c:/devkitpro/msys2/mingw64/bin/../lib/gcc/arm-none-eabi/10.1.0/../../../../arm-none-eabi/lib/thumb/v7e-m/nofp\libc_nano.a(lib_a-fstatr.o)
                              c:/devkitpro/msys2/mingw64/bin/../lib/gcc/arm-none-eabi/10.1.0/../../../../arm-none-eabi/lib/thumb/v7e-m/nofp\libc_nano.a(lib_a-makebuf.o) (_fstat_r)
c:/devkitpro/msys2/mingw64/bin/../lib/gcc/arm-none-eabi/10.1.0/../../../../arm-none-eabi/lib/thumb/v7e-m/nofp\libc_nano.a(lib_a-isattyr.o)
                              c:/devkitpro/msys2/mingw64/bin/../lib/gcc/arm-none-eabi/10.1.0/../../../../arm-none-eabi/lib/thumb/v7e-m/nofp\libc_nano.a(lib_a-makebuf.o) (_isatty_r)
c:/devkitpro/msys2/mingw64/bin/../lib/gcc/arm-none-eabi/10.1.0/../../../../arm-none-eabi/lib/thumb/v7e-m/nofp\libc_nano.a(lib_a-lseekr.o)
                              c:/devkitpro/msys2/mingw64/bin/../lib/gcc/arm-none-eabi/10.1.0/../../../../arm-none-eabi/lib/thumb/v7e-m/nofp\libc_nano.a(lib_a-stdio.o) (_lseek_r)
c:/devkitpro/msys2/mingw64/bin/../lib/gcc/arm-none-eabi/10.1.0/../../../../arm-none-eabi/lib/thumb/v7e-m/nofp\libc_nano.a(lib_a-mlock.o)
                              c:/devkitpro/msys2/mingw64/bin/../lib/gcc/arm-none-eabi/10.1.0/../../../../arm-none-eabi/lib/thumb/v7e-m/nofp\libc_nano.a(lib_a-nano-freer.o) (__malloc_lock)
c:/devkitpro/msys2/mingw64/bin/../lib/gcc/arm-none-eabi/10.1.0/../../../../arm-none-eabi/lib/thumb/v7e-m/nofp\libc_nano.a(lib_a-readr.o)
                              c:/devkitpro/msys2/mingw64/bin/../lib/gcc/arm-none-eabi/10.1.0/../../../../arm-none-eabi/lib/thumb/v7e-m/nofp\libc_nano.a(lib_a-stdio.o) (_read_r)
c:/devkitpro/msys2/mingw64/bin/../lib/gcc/arm-none-eabi/10.1.0/../../../../arm-none-eabi/lib/thumb/v7e-m/nofp\libc_nano.a(lib_a-reent.o)
                              c:/devkitpro/msys2/mingw64/bin/../lib/gcc/arm-none-eabi/10.1.0/../../../../arm-none-eabi/lib/thumb/v7e-m/nofp\libc_nano.a(lib_a-sbrkr.o) (errno)

Allocating common symbols
Common symbol       size              file

__lock___atexit_recursive_mutex
                    0x1               c:/devkitpro/msys2/mingw64/bin/../lib/gcc/arm-none-eabi/10.1.0/../../../../arm-none-eabi/lib/thumb/v7e-m/nofp\libc_nano.a(lib_a-lock.o)
__lock___arc4random_mutex
                    0x1               c:/devkitpro/msys2/mingw64/bin/../lib/gcc/arm-none-eabi/10.1.0/../../../../arm-none-eabi/lib/thumb/v7e-m/nofp\libc_nano.a(lib_a-lock.o)
errno               0x4               c:/devkitpro/msys2/mingw64/bin/../lib/gcc/arm-none-eabi/10.1.0/../../../../arm-none-eabi/lib/thumb/v7e-m/nofp\libc_nano.a(lib_a-reent.o)
__lock___env_recursive_mutex
                    0x1               c:/devkitpro/msys2/mingw64/bin/../lib/gcc/arm-none-eabi/10.1.0/../../../../arm-none-eabi/lib/thumb/v7e-m/nofp\libc_nano.a(lib_a-lock.o)
__lock___sinit_recursive_mutex
                    0x1               c:/devkitpro/msys2/mingw64/bin/../lib/gcc/arm-none-eabi/10.1.0/../../../../arm-none-eabi/lib/thumb/v7e-m/nofp\libc_nano.a(lib_a-lock.o)
__lock___malloc_recursive_mutex
                    0x1               c:/devkitpro/msys2/mingw64/bin/../lib/gcc/arm-none-eabi/10.1.0/../../../../arm-none-eabi/lib/thumb/v7e-m/nofp\libc_nano.a(lib_a-lock.o)
__lock___at_quick_exit_mutex
                    0x1               c:/devkitpro/msys2/mingw64/bin/../lib/gcc/arm-none-eabi/10.1.0/../../../../arm-none-eabi/lib/thumb/v7e-m/nofp\libc_nano.a(lib_a-lock.o)
__lock___dd_hash_mutex
                    0x1               c:/devkitpro/msys2/mingw64/bin/../lib/gcc/arm-none-eabi/10.1.0/../../../../arm-none-eabi/lib/thumb/v7e-m/nofp\libc_nano.a(lib_a-lock.o)
__lock___tz_mutex   0x1               c:/devkitpro/msys2/mingw64/bin/../lib/gcc/arm-none-eabi/10.1.0/../../../../arm-none-eabi/lib/thumb/v7e-m/nofp\libc_nano.a(lib_a-lock.o)
__lock___sfp_recursive_mutex
                    0x1               c:/devkitpro/msys2/mingw64/bin/../lib/gcc/arm-none-eabi/10.1.0/../../../../arm-none-eabi/lib/thumb/v7e-m/nofp\libc_nano.a(lib_a-lock.o)

Memory Configuration

Name             Origin             Length             Attributes
FLASH            0x0000000008000000 0x0000000000100000 xr
SRAM             0x0000000020000000 0x0000000000020000 xrw
*default*        0x0000000000000000 0xffffffffffffffff

Linker script and memory map

LOAD c:/devkitpro/msys2/mingw64/bin/../lib/gcc/arm-none-eabi/10.1.0/thumb/v7e-m/nofp/crti.o
LOAD c:/devkitpro/msys2/mingw64/bin/../lib/gcc/arm-none-eabi/10.1.0/thumb/v7e-m/nofp/crtbegin.o
LOAD c:/devkitpro/msys2/mingw64/bin/../lib/gcc/arm-none-eabi/10.1.0/../../../../arm-none-eabi/lib/thumb/v7e-m/nofp/crt0.o
LOAD main.o
LOAD led.o
LOAD stm32_startup.o
LOAD syscalls.o
START GROUP
LOAD c:/devkitpro/msys2/mingw64/bin/../lib/gcc/arm-none-eabi/10.1.0/thumb/v7e-m/nofp\libgcc.a
LOAD c:/devkitpro/msys2/mingw64/bin/../lib/gcc/arm-none-eabi/10.1.0/../../../../arm-none-eabi/lib/thumb/v7e-m/nofp\libc_nano.a
END GROUP
START GROUP
LOAD c:/devkitpro/msys2/mingw64/bin/../lib/gcc/arm-none-eabi/10.1.0/thumb/v7e-m/nofp\libgcc.a
LOAD c:/devkitpro/msys2/mingw64/bin/../lib/gcc/arm-none-eabi/10.1.0/../../../../arm-none-eabi/lib/thumb/v7e-m/nofp\libc_nano.a
END GROUP
LOAD c:/devkitpro/msys2/mingw64/bin/../lib/gcc/arm-none-eabi/10.1.0/thumb/v7e-m/nofp/crtend.o
LOAD c:/devkitpro/msys2/mingw64/bin/../lib/gcc/arm-none-eabi/10.1.0/thumb/v7e-m/nofp/crtn.o

.text           0x0000000008000000     0x1c84
 *(.isr_vector)
 .isr_vector    0x0000000008000000      0x188 stm32_startup.o
                0x0000000008000000                vectors
 *(.text)
 .text          0x0000000008000188        0x0 c:/devkitpro/msys2/mingw64/bin/../lib/gcc/arm-none-eabi/10.1.0/thumb/v7e-m/nofp/crti.o
 .text          0x0000000008000188        0x0 c:/devkitpro/msys2/mingw64/bin/../lib/gcc/arm-none-eabi/10.1.0/thumb/v7e-m/nofp/crtbegin.o
 .text          0x0000000008000188       0x70 c:/devkitpro/msys2/mingw64/bin/../lib/gcc/arm-none-eabi/10.1.0/../../../../arm-none-eabi/lib/thumb/v7e-m/nofp/crt0.o
                0x0000000008000188                _stack_init
                0x0000000008000190                _start
                0x0000000008000190                _mainCRTStartup
 .text          0x00000000080001f8      0x520 main.o
                0x00000000080001f8                main
                0x0000000008000234                idle_task
                0x000000000800023a                task1_handler
                0x0000000008000268                task2_handler
                0x0000000008000294                task3_handler
                0x00000000080002bc                task4_handler
                0x00000000080002e4                init_systick_timer
                0x000000000800034c                init_scheduler_stack
                0x0000000008000356                init_tasks_stack
                0x0000000008000470                enable_processor_faults
                0x00000000080004ac                get_psp_value
                0x00000000080004cc                save_psp_value
                0x00000000080004f4                update_next_task
                0x000000000800057c                switch_sp_to_psp
                0x0000000008000596                schedule
                0x00000000080005bc                task_delay
                0x000000000800061c                PendSV_Handler
                0x0000000008000642                update_global_tick_count
                0x000000000800065c                unblock_tasks
                0x00000000080006bc                SysTick_Handler
                0x00000000080006e8                HardFault_Handler
                0x00000000080006f8                MemManage_Handler
                0x0000000008000708                BusFault_Handler
 .text          0x0000000008000718       0xfc led.o
                0x0000000008000718                delay
                0x0000000008000740                led_init_all
                0x00000000080007b4                led_on
                0x00000000080007e4                led_off
 .text          0x0000000008000814       0x90 stm32_startup.o
                0x0000000008000814                RTC_Alarm_IRQHandler
                0x0000000008000814                HASH_RNG_IRQHandler
                0x0000000008000814                EXTI2_IRQHandler
                0x0000000008000814                TIM8_CC_IRQHandler
                0x0000000008000814                DebugMon_Handler
                0x0000000008000814                TIM1_CC_IRQHandler
                0x0000000008000814                DMA2_Stream5_IRQHandler
                0x0000000008000814                DMA1_Stream5_IRQHandler
                0x0000000008000814                PVD_IRQHandler
                0x0000000008000814                SDIO_IRQHandler
                0x0000000008000814                TAMP_STAMP_IRQHandler
                0x0000000008000814                NMI_Handler
                0x0000000008000814                CAN2_RX1_IRQHandler
                0x0000000008000814                EXTI3_IRQHandler
                0x0000000008000814                TIM8_TRG_COM_TIM14_IRQHandler
                0x0000000008000814                TIM1_UP_TIM10_IRQHandler
                0x0000000008000814                TIM8_UP_TIM13_IRQHandler
                0x0000000008000814                I2C3_ER_IRQHandler
                0x0000000008000814                EXTI0_IRQHandler
                0x0000000008000814                I2C2_EV_IRQHandler
                0x0000000008000814                DMA1_Stream2_IRQHandler
                0x0000000008000814                CAN1_RX0_IRQHandler
                0x0000000008000814                FPU_IRQHandler
                0x0000000008000814                OTG_HS_WKUP_IRQHandler
                0x0000000008000814                UsageFault_Handler
                0x0000000008000814                CAN2_SCE_IRQHandler
                0x0000000008000814                DMA2_Stream2_IRQHandler
                0x0000000008000814                SPI1_IRQHandler
                0x0000000008000814                TIM6_DAC_IRQHandler
                0x0000000008000814                TIM1_BRK_TIM9_IRQHandler
                0x0000000008000814                DCMI_IRQHandler
                0x0000000008000814                CAN2_RX0_IRQHandler
                0x0000000008000814                DMA2_Stream3_IRQHandler
                0x0000000008000814                USART6_IRQHandler
                0x0000000008000814                USART3_IRQHandler
                0x0000000008000814                CRYP_IRQHandler
                0x0000000008000814                DMA2_Stream6_IRQHandler
                0x0000000008000814                CAN1_RX1_IRQHandler
                0x0000000008000814                UART5_IRQHandler
                0x0000000008000814                DMA2_Stream0_IRQHandler
                0x0000000008000814                TIM4_IRQHandler
                0x0000000008000814                I2C1_EV_IRQHandler
                0x0000000008000814                DMA1_Stream6_IRQHandler
                0x0000000008000814                DMA1_Stream1_IRQHandler
                0x0000000008000814                UART4_IRQHandler
                0x0000000008000814                TIM3_IRQHandler
                0x0000000008000814                RCC_IRQHandler
                0x0000000008000814                TIM8_BRK_TIM12_IRQHandler
                0x0000000008000814                Default_Handler
                0x0000000008000814                EXTI15_10_IRQHandler
                0x0000000008000814                ADC_IRQHandler
                0x0000000008000814                DMA1_Stream7_IRQHandler
                0x0000000008000814                TIM7_IRQHandler
                0x0000000008000814                CAN2_TX_IRQHandler
                0x0000000008000814                TIM5_IRQHandler
                0x0000000008000814                DMA2_Stream7_IRQHandler
                0x0000000008000814                I2C3_EV_IRQHandler
                0x0000000008000814                EXTI9_5_IRQHandler
                0x0000000008000814                RTC_WKUP_IRQHandler
                0x0000000008000814                ETH_WKUP_IRQHandler
                0x0000000008000814                SPI2_IRQHandler
                0x0000000008000814                OTG_HS_EP1_IN_IRQHandler
                0x0000000008000814                DMA1_Stream0_IRQHandler
                0x0000000008000814                CAN1_TX_IRQHandler
                0x0000000008000814                SVC_Handler
                0x0000000008000814                EXTI4_IRQHandler
                0x0000000008000814                FSMC_IRQHandler
                0x0000000008000814                ETH_IRQHandler
                0x0000000008000814                OTG_HS_EP1_OUT_IRQHandler
                0x0000000008000814                WWDG_IRQHandler
                0x0000000008000814                TIM2_IRQHandler
                0x0000000008000814                OTG_FS_WKUP_IRQHandler
                0x0000000008000814                TIM1_TRG_COM_TIM11_IRQHandler
                0x0000000008000814                OTG_HS_IRQHandler
                0x0000000008000814                EXTI1_IRQHandler
                0x0000000008000814                USART2_IRQHandler
                0x0000000008000814                I2C2_ER_IRQHandler
                0x0000000008000814                DMA2_Stream1_IRQHandler
                0x0000000008000814                CAN1_SCE_IRQHandler
                0x0000000008000814                DMA2_Stream4_IRQHandler
                0x0000000008000814                USART1_IRQHandler
                0x0000000008000814                OTG_FS_IRQHandler
                0x0000000008000814                SPI3_IRQHandler
                0x0000000008000814                DMA1_Stream4_IRQHandler
                0x0000000008000814                I2C1_ER_IRQHandler
                0x0000000008000814                DMA1_Stream3_IRQHandler
                0x000000000800081a                Reset_Handler
 .text          0x00000000080008a4      0x25c syscalls.o
                0x00000000080008a4                initialise_monitor_handles
                0x00000000080008b0                _getpid
                0x00000000080008be                _kill
                0x00000000080008de                _exit
                0x00000000080008f2                _read
                0x000000000800092c                _write
                0x0000000008000964                _close
                0x000000000800097a                _fstat
                0x0000000008000998                _isatty
                0x00000000080009ac                _lseek
                0x00000000080009c4                _open
                0x00000000080009de                _wait
                0x00000000080009fc                _unlink
                0x0000000008000a1a                _times
                0x0000000008000a30                _stat
                0x0000000008000a4e                _link
                0x0000000008000a6e                _fork
                0x0000000008000a84                _execve
                0x0000000008000aa6                _sbrk
 .text          0x0000000008000b00        0xc c:/devkitpro/msys2/mingw64/bin/../lib/gcc/arm-none-eabi/10.1.0/../../../../arm-none-eabi/lib/thumb/v7e-m/nofp\libc_nano.a(lib_a-atexit.o)
                0x0000000008000b00                atexit
 .text          0x0000000008000b0c        0xc c:/devkitpro/msys2/mingw64/bin/../lib/gcc/arm-none-eabi/10.1.0/../../../../arm-none-eabi/lib/thumb/v7e-m/nofp\libc_nano.a(lib_a-errno.o)
                0x0000000008000b0c                __errno
 .text          0x0000000008000b18       0x28 c:/devkitpro/msys2/mingw64/bin/../lib/gcc/arm-none-eabi/10.1.0/../../../../arm-none-eabi/lib/thumb/v7e-m/nofp\libc_nano.a(lib_a-exit.o)
                0x0000000008000b18                exit
 .text          0x0000000008000b40       0x34 c:/devkitpro/msys2/mingw64/bin/../lib/gcc/arm-none-eabi/10.1.0/../../../../arm-none-eabi/lib/thumb/v7e-m/nofp\libc_nano.a(lib_a-fini.o)
                0x0000000008000b40                __libc_fini_array
 .text          0x0000000008000b74        0x0 c:/devkitpro/msys2/mingw64/bin/../lib/gcc/arm-none-eabi/10.1.0/../../../../arm-none-eabi/lib/thumb/v7e-m/nofp\libc_nano.a(lib_a-impure.o)
 .text          0x0000000008000b74       0x48 c:/devkitpro/msys2/mingw64/bin/../lib/gcc/arm-none-eabi/10.1.0/../../../../arm-none-eabi/lib/thumb/v7e-m/nofp\libc_nano.a(lib_a-init.o)
                0x0000000008000b74                __libc_init_array
 .text          0x0000000008000bbc       0xa0 c:/devkitpro/msys2/mingw64/bin/../lib/gcc/arm-none-eabi/10.1.0/../../../../arm-none-eabi/lib/thumb/v7e-m/nofp\libc_nano.a(lib_a-memset.o)
                0x0000000008000bbc                memset
 .text          0x0000000008000c5c      0x114 c:/devkitpro/msys2/mingw64/bin/../lib/gcc/arm-none-eabi/10.1.0/../../../../arm-none-eabi/lib/thumb/v7e-m/nofp\libc_nano.a(lib_a-puts.o)
                0x0000000008000c5c                _puts_r
                0x0000000008000d60                puts
 .text          0x0000000008000d70       0xc0 c:/devkitpro/msys2/mingw64/bin/../lib/gcc/arm-none-eabi/10.1.0/../../../../arm-none-eabi/lib/thumb/v7e-m/nofp\libc_nano.a(lib_a-wbuf.o)
                0x0000000008000d70                __swbuf_r
                0x0000000008000e20                __swbuf
 .text          0x0000000008000e30      0x100 c:/devkitpro/msys2/mingw64/bin/../lib/gcc/arm-none-eabi/10.1.0/../../../../arm-none-eabi/lib/thumb/v7e-m/nofp\libc_nano.a(lib_a-wsetup.o)
                0x0000000008000e30                __swsetup_r
 .text          0x0000000008000f30       0xc0 c:/devkitpro/msys2/mingw64/bin/../lib/gcc/arm-none-eabi/10.1.0/../../../../arm-none-eabi/lib/thumb/v7e-m/nofp\libc_nano.a(lib_a-__atexit.o)
                0x0000000008000f30                __register_exitproc
 .text          0x0000000008000ff0       0xb0 c:/devkitpro/msys2/mingw64/bin/../lib/gcc/arm-none-eabi/10.1.0/../../../../arm-none-eabi/lib/thumb/v7e-m/nofp\libc_nano.a(lib_a-__call_atexit.o)
                0x0000000008000ff0                __call_exitprocs
 .text          0x00000000080010a0      0x1d0 c:/devkitpro/msys2/mingw64/bin/../lib/gcc/arm-none-eabi/10.1.0/../../../../arm-none-eabi/lib/thumb/v7e-m/nofp\libc_nano.a(lib_a-fflush.o)
                0x00000000080010a0                __sflush_r
                0x00000000080011cc                _fflush_r
                0x000000000800124c                fflush
 .text          0x0000000008001270      0x2b8 c:/devkitpro/msys2/mingw64/bin/../lib/gcc/arm-none-eabi/10.1.0/../../../../arm-none-eabi/lib/thumb/v7e-m/nofp\libc_nano.a(lib_a-findfp.o)
                0x0000000008001270                _cleanup_r
                0x00000000080012b4                __sfmoreglue
                0x00000000080012e4                _cleanup
                0x00000000080012f8                __sinit
                0x000000000800140c                __sfp
                0x00000000080014b0                __sfp_lock_acquire
                0x00000000080014bc                __sfp_lock_release
                0x00000000080014c8                __sinit_lock_acquire
                0x00000000080014d4                __sinit_lock_release
                0x00000000080014e0                __fp_lock_all
                0x0000000008001504                __fp_unlock_all
 .text          0x0000000008001528       0xa0 c:/devkitpro/msys2/mingw64/bin/../lib/gcc/arm-none-eabi/10.1.0/../../../../arm-none-eabi/lib/thumb/v7e-m/nofp\libc_nano.a(lib_a-fwalk.o)
                0x0000000008001528                _fwalk
                0x0000000008001574                _fwalk_reent
 .text          0x00000000080015c8       0x28 c:/devkitpro/msys2/mingw64/bin/../lib/gcc/arm-none-eabi/10.1.0/../../../../arm-none-eabi/lib/thumb/v7e-m/nofp\libc_nano.a(lib_a-lock.o)
                0x00000000080015c8                __retarget_lock_init
                0x00000000080015cc                __retarget_lock_init_recursive
                0x00000000080015d0                __retarget_lock_close
                0x00000000080015d4                __retarget_lock_close_recursive
                0x00000000080015d8                __retarget_lock_acquire
                0x00000000080015dc                __retarget_lock_acquire_recursive
                0x00000000080015e0                __retarget_lock_try_acquire
                0x00000000080015e4                __retarget_lock_try_acquire_recursive
                0x00000000080015e8                __retarget_lock_release
                0x00000000080015ec                __retarget_lock_release_recursive
 .text          0x00000000080015f0       0xf0 c:/devkitpro/msys2/mingw64/bin/../lib/gcc/arm-none-eabi/10.1.0/../../../../arm-none-eabi/lib/thumb/v7e-m/nofp\libc_nano.a(lib_a-makebuf.o)
                0x00000000080015f0                __swhatbuf_r
                0x000000000800164c                __smakebuf_r
 .text          0x00000000080016e0       0xac c:/devkitpro/msys2/mingw64/bin/../lib/gcc/arm-none-eabi/10.1.0/../../../../arm-none-eabi/lib/thumb/v7e-m/nofp\libc_nano.a(lib_a-nano-freer.o)
                0x00000000080016e0                _free_r
 .text          0x000000000800178c       0xc8 c:/devkitpro/msys2/mingw64/bin/../lib/gcc/arm-none-eabi/10.1.0/../../../../arm-none-eabi/lib/thumb/v7e-m/nofp\libc_nano.a(lib_a-nano-mallocr.o)
                0x000000000800178c                _malloc_r
 .text          0x0000000008001854       0x24 c:/devkitpro/msys2/mingw64/bin/../lib/gcc/arm-none-eabi/10.1.0/../../../../arm-none-eabi/lib/thumb/v7e-m/nofp\libc_nano.a(lib_a-sbrkr.o)
                0x0000000008001854                _sbrk_r
 .text          0x0000000008001878       0x90 c:/devkitpro/msys2/mingw64/bin/../lib/gcc/arm-none-eabi/10.1.0/../../../../arm-none-eabi/lib/thumb/v7e-m/nofp\libc_nano.a(lib_a-stdio.o)
                0x0000000008001878                __sread
                0x000000000800189c                __seofread
                0x00000000080018a0                __swrite
                0x00000000080018e0                __sseek
                0x0000000008001900                __sclose
 .text          0x0000000008001908       0x2c c:/devkitpro/msys2/mingw64/bin/../lib/gcc/arm-none-eabi/10.1.0/../../../../arm-none-eabi/lib/thumb/v7e-m/nofp\libc_nano.a(lib_a-writer.o)
                0x0000000008001908                _write_r
 .text          0x0000000008001934       0x24 c:/devkitpro/msys2/mingw64/bin/../lib/gcc/arm-none-eabi/10.1.0/../../../../arm-none-eabi/lib/thumb/v7e-m/nofp\libc_nano.a(lib_a-closer.o)
                0x0000000008001934                _close_r
 .text          0x0000000008001958       0x28 c:/devkitpro/msys2/mingw64/bin/../lib/gcc/arm-none-eabi/10.1.0/../../../../arm-none-eabi/lib/thumb/v7e-m/nofp\libc_nano.a(lib_a-fstatr.o)
                0x0000000008001958                _fstat_r
 .text          0x0000000008001980       0x24 c:/devkitpro/msys2/mingw64/bin/../lib/gcc/arm-none-eabi/10.1.0/../../../../arm-none-eabi/lib/thumb/v7e-m/nofp\libc_nano.a(lib_a-isattyr.o)
                0x0000000008001980                _isatty_r
 .text          0x00000000080019a4       0x2c c:/devkitpro/msys2/mingw64/bin/../lib/gcc/arm-none-eabi/10.1.0/../../../../arm-none-eabi/lib/thumb/v7e-m/nofp\libc_nano.a(lib_a-lseekr.o)
                0x00000000080019a4                _lseek_r
 .text          0x00000000080019d0       0x18 c:/devkitpro/msys2/mingw64/bin/../lib/gcc/arm-none-eabi/10.1.0/../../../../arm-none-eabi/lib/thumb/v7e-m/nofp\libc_nano.a(lib_a-mlock.o)
                0x00000000080019d0                __malloc_lock
                0x00000000080019dc                __malloc_unlock
 .text          0x00000000080019e8       0x2c c:/devkitpro/msys2/mingw64/bin/../lib/gcc/arm-none-eabi/10.1.0/../../../../arm-none-eabi/lib/thumb/v7e-m/nofp\libc_nano.a(lib_a-readr.o)
                0x00000000080019e8                _read_r
 .text          0x0000000008001a14       0xe8 c:/devkitpro/msys2/mingw64/bin/../lib/gcc/arm-none-eabi/10.1.0/../../../../arm-none-eabi/lib/thumb/v7e-m/nofp\libc_nano.a(lib_a-reent.o)
                0x0000000008001a14                cleanup_glue
                0x0000000008001a30                _reclaim_reent
 .text          0x0000000008001afc        0x0 c:/devkitpro/msys2/mingw64/bin/../lib/gcc/arm-none-eabi/10.1.0/thumb/v7e-m/nofp/crtend.o
 .text          0x0000000008001afc        0x0 c:/devkitpro/msys2/mingw64/bin/../lib/gcc/arm-none-eabi/10.1.0/thumb/v7e-m/nofp/crtn.o
 *(.text.*)
 .text.__do_global_dtors_aux
                0x0000000008001afc       0x24 c:/devkitpro/msys2/mingw64/bin/../lib/gcc/arm-none-eabi/10.1.0/thumb/v7e-m/nofp/crtbegin.o
 .text.frame_dummy
                0x0000000008001b20       0x1c c:/devkitpro/msys2/mingw64/bin/../lib/gcc/arm-none-eabi/10.1.0/thumb/v7e-m/nofp/crtbegin.o
 *(.init)
 .init          0x0000000008001b3c        0x4 c:/devkitpro/msys2/mingw64/bin/../lib/gcc/arm-none-eabi/10.1.0/thumb/v7e-m/nofp/crti.o
                0x0000000008001b3c                _init
 .init          0x0000000008001b40        0x8 c:/devkitpro/msys2/mingw64/bin/../lib/gcc/arm-none-eabi/10.1.0/thumb/v7e-m/nofp/crtn.o
 *(.fini)
 .fini          0x0000000008001b48        0x4 c:/devkitpro/msys2/mingw64/bin/../lib/gcc/arm-none-eabi/10.1.0/thumb/v7e-m/nofp/crti.o
                0x0000000008001b48                _fini
 .fini          0x0000000008001b4c        0x8 c:/devkitpro/msys2/mingw64/bin/../lib/gcc/arm-none-eabi/10.1.0/thumb/v7e-m/nofp/crtn.o
 *(.rodata)
 .rodata        0x0000000008001b54       0xc9 main.o
                0x0000000008001b54                const_v_1
                0x0000000008001b58                const_v_2
                0x0000000008001b5c                const_V_3
 *fill*         0x0000000008001c1d        0x3 
 .rodata        0x0000000008001c20        0x4 c:/devkitpro/msys2/mingw64/bin/../lib/gcc/arm-none-eabi/10.1.0/../../../../arm-none-eabi/lib/thumb/v7e-m/nofp\libc_nano.a(lib_a-impure.o)
                0x0000000008001c20                _global_impure_ptr
 .rodata        0x0000000008001c24       0x60 c:/devkitpro/msys2/mingw64/bin/../lib/gcc/arm-none-eabi/10.1.0/../../../../arm-none-eabi/lib/thumb/v7e-m/nofp\libc_nano.a(lib_a-findfp.o)
                0x0000000008001c24                __sf_fake_stderr
                0x0000000008001c44                __sf_fake_stdout
                0x0000000008001c64                __sf_fake_stdin
 *(.rodata.*)
                0x0000000008001c84                . = ALIGN (0x4)
                0x0000000008001c84                _etext = .
                0x0000000008001c90                _la_data = LOADADDR (.data)

.glue_7         0x0000000008001c84        0x0
 .glue_7        0x0000000008001c84        0x0 linker stubs

.glue_7t        0x0000000008001c84        0x0
 .glue_7t       0x0000000008001c84        0x0 linker stubs

.vfp11_veneer   0x0000000008001c84        0x0
 .vfp11_veneer  0x0000000008001c84        0x0 linker stubs

.v4_bx          0x0000000008001c84        0x0
 .v4_bx         0x0000000008001c84        0x0 linker stubs

.iplt           0x0000000008001c84        0x0
 .iplt          0x0000000008001c84        0x0 c:/devkitpro/msys2/mingw64/bin/../lib/gcc/arm-none-eabi/10.1.0/thumb/v7e-m/nofp/crtbegin.o

.eh_frame       0x0000000008001c84        0x4
 .eh_frame      0x0000000008001c84        0x0 c:/devkitpro/msys2/mingw64/bin/../lib/gcc/arm-none-eabi/10.1.0/thumb/v7e-m/nofp/crtbegin.o
 .eh_frame      0x0000000008001c84        0x4 c:/devkitpro/msys2/mingw64/bin/../lib/gcc/arm-none-eabi/10.1.0/thumb/v7e-m/nofp/crtend.o

.ARM.extab      0x0000000008001c88        0x0
 .ARM.extab     0x0000000008001c88        0x0 c:/devkitpro/msys2/mingw64/bin/../lib/gcc/arm-none-eabi/10.1.0/../../../../arm-none-eabi/lib/thumb/v7e-m/nofp/crt0.o

.ARM.exidx      0x0000000008001c88        0x8
 .ARM.exidx     0x0000000008001c88        0x8 c:/devkitpro/msys2/mingw64/bin/../lib/gcc/arm-none-eabi/10.1.0/../../../../arm-none-eabi/lib/thumb/v7e-m/nofp/crt0.o
                                         0x10 (size before relaxing)

.rel.dyn        0x0000000008001c90        0x0
 .rel.iplt      0x0000000008001c90        0x0 c:/devkitpro/msys2/mingw64/bin/../lib/gcc/arm-none-eabi/10.1.0/thumb/v7e-m/nofp/crtbegin.o

.data           0x0000000020000000       0x78 load address 0x0000000008001c90
                0x0000000020000000                _sdata = .
 *(.data)
 .data          0x0000000020000000        0x0 c:/devkitpro/msys2/mingw64/bin/../lib/gcc/arm-none-eabi/10.1.0/thumb/v7e-m/nofp/crti.o
 .data          0x0000000020000000        0x0 c:/devkitpro/msys2/mingw64/bin/../lib/gcc/arm-none-eabi/10.1.0/thumb/v7e-m/nofp/crtbegin.o
 .data          0x0000000020000000        0x0 c:/devkitpro/msys2/mingw64/bin/../lib/gcc/arm-none-eabi/10.1.0/../../../../arm-none-eabi/lib/thumb/v7e-m/nofp/crt0.o
 .data          0x0000000020000000        0x1 main.o
                0x0000000020000000                current_task
 .data          0x0000000020000001        0x0 led.o
 .data          0x0000000020000001        0x0 stm32_startup.o
 *fill*         0x0000000020000001        0x3 
 .data          0x0000000020000004        0x4 syscalls.o
                0x0000000020000004                environ
 .data          0x0000000020000008        0x0 c:/devkitpro/msys2/mingw64/bin/../lib/gcc/arm-none-eabi/10.1.0/../../../../arm-none-eabi/lib/thumb/v7e-m/nofp\libc_nano.a(lib_a-atexit.o)
 .data          0x0000000020000008        0x0 c:/devkitpro/msys2/mingw64/bin/../lib/gcc/arm-none-eabi/10.1.0/../../../../arm-none-eabi/lib/thumb/v7e-m/nofp\libc_nano.a(lib_a-errno.o)
 .data          0x0000000020000008        0x0 c:/devkitpro/msys2/mingw64/bin/../lib/gcc/arm-none-eabi/10.1.0/../../../../arm-none-eabi/lib/thumb/v7e-m/nofp\libc_nano.a(lib_a-exit.o)
 .data          0x0000000020000008        0x0 c:/devkitpro/msys2/mingw64/bin/../lib/gcc/arm-none-eabi/10.1.0/../../../../arm-none-eabi/lib/thumb/v7e-m/nofp\libc_nano.a(lib_a-fini.o)
 .data          0x0000000020000008       0x64 c:/devkitpro/msys2/mingw64/bin/../lib/gcc/arm-none-eabi/10.1.0/../../../../arm-none-eabi/lib/thumb/v7e-m/nofp\libc_nano.a(lib_a-impure.o)
                0x0000000020000008                _impure_ptr
 .data          0x000000002000006c        0x0 c:/devkitpro/msys2/mingw64/bin/../lib/gcc/arm-none-eabi/10.1.0/../../../../arm-none-eabi/lib/thumb/v7e-m/nofp\libc_nano.a(lib_a-init.o)
 .data          0x000000002000006c        0x0 c:/devkitpro/msys2/mingw64/bin/../lib/gcc/arm-none-eabi/10.1.0/../../../../arm-none-eabi/lib/thumb/v7e-m/nofp\libc_nano.a(lib_a-memset.o)
 .data          0x000000002000006c        0x0 c:/devkitpro/msys2/mingw64/bin/../lib/gcc/arm-none-eabi/10.1.0/../../../../arm-none-eabi/lib/thumb/v7e-m/nofp\libc_nano.a(lib_a-puts.o)
 .data          0x000000002000006c        0x0 c:/devkitpro/msys2/mingw64/bin/../lib/gcc/arm-none-eabi/10.1.0/../../../../arm-none-eabi/lib/thumb/v7e-m/nofp\libc_nano.a(lib_a-wbuf.o)
 .data          0x000000002000006c        0x0 c:/devkitpro/msys2/mingw64/bin/../lib/gcc/arm-none-eabi/10.1.0/../../../../arm-none-eabi/lib/thumb/v7e-m/nofp\libc_nano.a(lib_a-wsetup.o)
 .data          0x000000002000006c        0x4 c:/devkitpro/msys2/mingw64/bin/../lib/gcc/arm-none-eabi/10.1.0/../../../../arm-none-eabi/lib/thumb/v7e-m/nofp\libc_nano.a(lib_a-__atexit.o)
                0x000000002000006c                __atexit_dummy
 .data          0x0000000020000070        0x4 c:/devkitpro/msys2/mingw64/bin/../lib/gcc/arm-none-eabi/10.1.0/../../../../arm-none-eabi/lib/thumb/v7e-m/nofp\libc_nano.a(lib_a-__call_atexit.o)
                0x0000000020000070                __atexit_recursive_mutex
 .data          0x0000000020000074        0x0 c:/devkitpro/msys2/mingw64/bin/../lib/gcc/arm-none-eabi/10.1.0/../../../../arm-none-eabi/lib/thumb/v7e-m/nofp\libc_nano.a(lib_a-fflush.o)
 .data          0x0000000020000074        0x0 c:/devkitpro/msys2/mingw64/bin/../lib/gcc/arm-none-eabi/10.1.0/../../../../arm-none-eabi/lib/thumb/v7e-m/nofp\libc_nano.a(lib_a-findfp.o)
 .data          0x0000000020000074        0x0 c:/devkitpro/msys2/mingw64/bin/../lib/gcc/arm-none-eabi/10.1.0/../../../../arm-none-eabi/lib/thumb/v7e-m/nofp\libc_nano.a(lib_a-fwalk.o)
 .data          0x0000000020000074        0x0 c:/devkitpro/msys2/mingw64/bin/../lib/gcc/arm-none-eabi/10.1.0/../../../../arm-none-eabi/lib/thumb/v7e-m/nofp\libc_nano.a(lib_a-lock.o)
 .data          0x0000000020000074        0x0 c:/devkitpro/msys2/mingw64/bin/../lib/gcc/arm-none-eabi/10.1.0/../../../../arm-none-eabi/lib/thumb/v7e-m/nofp\libc_nano.a(lib_a-makebuf.o)
 .data          0x0000000020000074        0x0 c:/devkitpro/msys2/mingw64/bin/../lib/gcc/arm-none-eabi/10.1.0/../../../../arm-none-eabi/lib/thumb/v7e-m/nofp\libc_nano.a(lib_a-nano-freer.o)
 .data          0x0000000020000074        0x0 c:/devkitpro/msys2/mingw64/bin/../lib/gcc/arm-none-eabi/10.1.0/../../../../arm-none-eabi/lib/thumb/v7e-m/nofp\libc_nano.a(lib_a-nano-mallocr.o)
 .data          0x0000000020000074        0x0 c:/devkitpro/msys2/mingw64/bin/../lib/gcc/arm-none-eabi/10.1.0/../../../../arm-none-eabi/lib/thumb/v7e-m/nofp\libc_nano.a(lib_a-sbrkr.o)
 .data          0x0000000020000074        0x0 c:/devkitpro/msys2/mingw64/bin/../lib/gcc/arm-none-eabi/10.1.0/../../../../arm-none-eabi/lib/thumb/v7e-m/nofp\libc_nano.a(lib_a-stdio.o)
 .data          0x0000000020000074        0x0 c:/devkitpro/msys2/mingw64/bin/../lib/gcc/arm-none-eabi/10.1.0/../../../../arm-none-eabi/lib/thumb/v7e-m/nofp\libc_nano.a(lib_a-writer.o)
 .data          0x0000000020000074        0x0 c:/devkitpro/msys2/mingw64/bin/../lib/gcc/arm-none-eabi/10.1.0/../../../../arm-none-eabi/lib/thumb/v7e-m/nofp\libc_nano.a(lib_a-closer.o)
 .data          0x0000000020000074        0x0 c:/devkitpro/msys2/mingw64/bin/../lib/gcc/arm-none-eabi/10.1.0/../../../../arm-none-eabi/lib/thumb/v7e-m/nofp\libc_nano.a(lib_a-fstatr.o)
 .data          0x0000000020000074        0x0 c:/devkitpro/msys2/mingw64/bin/../lib/gcc/arm-none-eabi/10.1.0/../../../../arm-none-eabi/lib/thumb/v7e-m/nofp\libc_nano.a(lib_a-isattyr.o)
 .data          0x0000000020000074        0x0 c:/devkitpro/msys2/mingw64/bin/../lib/gcc/arm-none-eabi/10.1.0/../../../../arm-none-eabi/lib/thumb/v7e-m/nofp\libc_nano.a(lib_a-lseekr.o)
 .data          0x0000000020000074        0x0 c:/devkitpro/msys2/mingw64/bin/../lib/gcc/arm-none-eabi/10.1.0/../../../../arm-none-eabi/lib/thumb/v7e-m/nofp\libc_nano.a(lib_a-mlock.o)
 .data          0x0000000020000074        0x0 c:/devkitpro/msys2/mingw64/bin/../lib/gcc/arm-none-eabi/10.1.0/../../../../arm-none-eabi/lib/thumb/v7e-m/nofp\libc_nano.a(lib_a-readr.o)
 .data          0x0000000020000074        0x0 c:/devkitpro/msys2/mingw64/bin/../lib/gcc/arm-none-eabi/10.1.0/../../../../arm-none-eabi/lib/thumb/v7e-m/nofp\libc_nano.a(lib_a-reent.o)
 .data          0x0000000020000074        0x0 c:/devkitpro/msys2/mingw64/bin/../lib/gcc/arm-none-eabi/10.1.0/thumb/v7e-m/nofp/crtend.o
 .data          0x0000000020000074        0x0 c:/devkitpro/msys2/mingw64/bin/../lib/gcc/arm-none-eabi/10.1.0/thumb/v7e-m/nofp/crtn.o
 *(.data.*)
 .data.__dso_handle
                0x0000000020000074        0x4 c:/devkitpro/msys2/mingw64/bin/../lib/gcc/arm-none-eabi/10.1.0/thumb/v7e-m/nofp/crtbegin.o
                0x0000000020000074                __dso_handle
                0x0000000020000078                . = ALIGN (0x4)
                0x0000000020000078                _edata = .

.init_array     0x0000000020000078        0x4 load address 0x0000000008001d08
 .init_array    0x0000000020000078        0x4 c:/devkitpro/msys2/mingw64/bin/../lib/gcc/arm-none-eabi/10.1.0/thumb/v7e-m/nofp/crtbegin.o

.fini_array     0x000000002000007c        0x4 load address 0x0000000008001d0c
 .fini_array    0x000000002000007c        0x4 c:/devkitpro/msys2/mingw64/bin/../lib/gcc/arm-none-eabi/10.1.0/thumb/v7e-m/nofp/crtbegin.o

.igot.plt       0x0000000020000080        0x0 load address 0x0000000008001d10
 .igot.plt      0x0000000020000080        0x0 c:/devkitpro/msys2/mingw64/bin/../lib/gcc/arm-none-eabi/10.1.0/thumb/v7e-m/nofp/crtbegin.o

.bss            0x0000000020000080      0x138 load address 0x0000000008001d10
                0x0000000020000080                _sbss = .
                0x0000000020000080                __bss_start__ = _sbss
 *(.bss)
 .bss           0x0000000020000080        0x0 c:/devkitpro/msys2/mingw64/bin/../lib/gcc/arm-none-eabi/10.1.0/thumb/v7e-m/nofp/crti.o
 .bss           0x0000000020000080        0x0 c:/devkitpro/msys2/mingw64/bin/../lib/gcc/arm-none-eabi/10.1.0/thumb/v7e-m/nofp/crtbegin.o
 .bss           0x0000000020000080        0x0 c:/devkitpro/msys2/mingw64/bin/../lib/gcc/arm-none-eabi/10.1.0/../../../../arm-none-eabi/lib/thumb/v7e-m/nofp/crt0.o
 .bss           0x0000000020000080       0x54 main.o
                0x0000000020000080                g_tick_count
                0x0000000020000084                user_tasks
 .bss           0x00000000200000d4        0x0 led.o
 .bss           0x00000000200000d4        0x0 stm32_startup.o
 .bss           0x00000000200000d4        0x8 syscalls.o
                0x00000000200000d4                __env
 .bss           0x00000000200000dc        0x0 c:/devkitpro/msys2/mingw64/bin/../lib/gcc/arm-none-eabi/10.1.0/../../../../arm-none-eabi/lib/thumb/v7e-m/nofp\libc_nano.a(lib_a-atexit.o)
 .bss           0x00000000200000dc        0x0 c:/devkitpro/msys2/mingw64/bin/../lib/gcc/arm-none-eabi/10.1.0/../../../../arm-none-eabi/lib/thumb/v7e-m/nofp\libc_nano.a(lib_a-errno.o)
 .bss           0x00000000200000dc        0x0 c:/devkitpro/msys2/mingw64/bin/../lib/gcc/arm-none-eabi/10.1.0/../../../../arm-none-eabi/lib/thumb/v7e-m/nofp\libc_nano.a(lib_a-exit.o)
 .bss           0x00000000200000dc        0x0 c:/devkitpro/msys2/mingw64/bin/../lib/gcc/arm-none-eabi/10.1.0/../../../../arm-none-eabi/lib/thumb/v7e-m/nofp\libc_nano.a(lib_a-fini.o)
 .bss           0x00000000200000dc        0x0 c:/devkitpro/msys2/mingw64/bin/../lib/gcc/arm-none-eabi/10.1.0/../../../../arm-none-eabi/lib/thumb/v7e-m/nofp\libc_nano.a(lib_a-impure.o)
 .bss           0x00000000200000dc        0x0 c:/devkitpro/msys2/mingw64/bin/../lib/gcc/arm-none-eabi/10.1.0/../../../../arm-none-eabi/lib/thumb/v7e-m/nofp\libc_nano.a(lib_a-init.o)
 .bss           0x00000000200000dc        0x0 c:/devkitpro/msys2/mingw64/bin/../lib/gcc/arm-none-eabi/10.1.0/../../../../arm-none-eabi/lib/thumb/v7e-m/nofp\libc_nano.a(lib_a-memset.o)
 .bss           0x00000000200000dc        0x0 c:/devkitpro/msys2/mingw64/bin/../lib/gcc/arm-none-eabi/10.1.0/../../../../arm-none-eabi/lib/thumb/v7e-m/nofp\libc_nano.a(lib_a-puts.o)
 .bss           0x00000000200000dc        0x0 c:/devkitpro/msys2/mingw64/bin/../lib/gcc/arm-none-eabi/10.1.0/../../../../arm-none-eabi/lib/thumb/v7e-m/nofp\libc_nano.a(lib_a-wbuf.o)
 .bss           0x00000000200000dc        0x0 c:/devkitpro/msys2/mingw64/bin/../lib/gcc/arm-none-eabi/10.1.0/../../../../arm-none-eabi/lib/thumb/v7e-m/nofp\libc_nano.a(lib_a-wsetup.o)
 .bss           0x00000000200000dc       0x8c c:/devkitpro/msys2/mingw64/bin/../lib/gcc/arm-none-eabi/10.1.0/../../../../arm-none-eabi/lib/thumb/v7e-m/nofp\libc_nano.a(lib_a-__atexit.o)
 .bss           0x0000000020000168        0x4 c:/devkitpro/msys2/mingw64/bin/../lib/gcc/arm-none-eabi/10.1.0/../../../../arm-none-eabi/lib/thumb/v7e-m/nofp\libc_nano.a(lib_a-__call_atexit.o)
                0x0000000020000168                _global_atexit
 .bss           0x000000002000016c        0x0 c:/devkitpro/msys2/mingw64/bin/../lib/gcc/arm-none-eabi/10.1.0/../../../../arm-none-eabi/lib/thumb/v7e-m/nofp\libc_nano.a(lib_a-fflush.o)
 .bss           0x000000002000016c        0x0 c:/devkitpro/msys2/mingw64/bin/../lib/gcc/arm-none-eabi/10.1.0/../../../../arm-none-eabi/lib/thumb/v7e-m/nofp\libc_nano.a(lib_a-findfp.o)
 .bss           0x000000002000016c        0x0 c:/devkitpro/msys2/mingw64/bin/../lib/gcc/arm-none-eabi/10.1.0/../../../../arm-none-eabi/lib/thumb/v7e-m/nofp\libc_nano.a(lib_a-fwalk.o)
 .bss           0x000000002000016c        0x0 c:/devkitpro/msys2/mingw64/bin/../lib/gcc/arm-none-eabi/10.1.0/../../../../arm-none-eabi/lib/thumb/v7e-m/nofp\libc_nano.a(lib_a-lock.o)
 .bss           0x000000002000016c        0x0 c:/devkitpro/msys2/mingw64/bin/../lib/gcc/arm-none-eabi/10.1.0/../../../../arm-none-eabi/lib/thumb/v7e-m/nofp\libc_nano.a(lib_a-makebuf.o)
 .bss           0x000000002000016c        0x0 c:/devkitpro/msys2/mingw64/bin/../lib/gcc/arm-none-eabi/10.1.0/../../../../arm-none-eabi/lib/thumb/v7e-m/nofp\libc_nano.a(lib_a-nano-freer.o)
 .bss           0x000000002000016c        0x8 c:/devkitpro/msys2/mingw64/bin/../lib/gcc/arm-none-eabi/10.1.0/../../../../arm-none-eabi/lib/thumb/v7e-m/nofp\libc_nano.a(lib_a-nano-mallocr.o)
                0x000000002000016c                __malloc_free_list
                0x0000000020000170                __malloc_sbrk_start
 .bss           0x0000000020000174        0x0 c:/devkitpro/msys2/mingw64/bin/../lib/gcc/arm-none-eabi/10.1.0/../../../../arm-none-eabi/lib/thumb/v7e-m/nofp\libc_nano.a(lib_a-sbrkr.o)
 .bss           0x0000000020000174        0x0 c:/devkitpro/msys2/mingw64/bin/../lib/gcc/arm-none-eabi/10.1.0/../../../../arm-none-eabi/lib/thumb/v7e-m/nofp\libc_nano.a(lib_a-stdio.o)
 .bss           0x0000000020000174        0x0 c:/devkitpro/msys2/mingw64/bin/../lib/gcc/arm-none-eabi/10.1.0/../../../../arm-none-eabi/lib/thumb/v7e-m/nofp\libc_nano.a(lib_a-writer.o)
 .bss           0x0000000020000174        0x0 c:/devkitpro/msys2/mingw64/bin/../lib/gcc/arm-none-eabi/10.1.0/../../../../arm-none-eabi/lib/thumb/v7e-m/nofp\libc_nano.a(lib_a-closer.o)
 .bss           0x0000000020000174        0x0 c:/devkitpro/msys2/mingw64/bin/../lib/gcc/arm-none-eabi/10.1.0/../../../../arm-none-eabi/lib/thumb/v7e-m/nofp\libc_nano.a(lib_a-fstatr.o)
 .bss           0x0000000020000174        0x0 c:/devkitpro/msys2/mingw64/bin/../lib/gcc/arm-none-eabi/10.1.0/../../../../arm-none-eabi/lib/thumb/v7e-m/nofp\libc_nano.a(lib_a-isattyr.o)
 .bss           0x0000000020000174        0x0 c:/devkitpro/msys2/mingw64/bin/../lib/gcc/arm-none-eabi/10.1.0/../../../../arm-none-eabi/lib/thumb/v7e-m/nofp\libc_nano.a(lib_a-lseekr.o)
 .bss           0x0000000020000174        0x0 c:/devkitpro/msys2/mingw64/bin/../lib/gcc/arm-none-eabi/10.1.0/../../../../arm-none-eabi/lib/thumb/v7e-m/nofp\libc_nano.a(lib_a-mlock.o)
 .bss           0x0000000020000174        0x0 c:/devkitpro/msys2/mingw64/bin/../lib/gcc/arm-none-eabi/10.1.0/../../../../arm-none-eabi/lib/thumb/v7e-m/nofp\libc_nano.a(lib_a-readr.o)
 .bss           0x0000000020000174        0x0 c:/devkitpro/msys2/mingw64/bin/../lib/gcc/arm-none-eabi/10.1.0/../../../../arm-none-eabi/lib/thumb/v7e-m/nofp\libc_nano.a(lib_a-reent.o)
 .bss           0x0000000020000174        0x0 c:/devkitpro/msys2/mingw64/bin/../lib/gcc/arm-none-eabi/10.1.0/thumb/v7e-m/nofp/crtend.o
 .bss           0x0000000020000174        0x0 c:/devkitpro/msys2/mingw64/bin/../lib/gcc/arm-none-eabi/10.1.0/thumb/v7e-m/nofp/crtn.o
 *(.bss.*)
 .bss.completed.1
                0x0000000020000174        0x1 c:/devkitpro/msys2/mingw64/bin/../lib/gcc/arm-none-eabi/10.1.0/thumb/v7e-m/nofp/crtbegin.o
 *fill*         0x0000000020000175        0x3 
 .bss.object.0  0x0000000020000178       0x18 c:/devkitpro/msys2/mingw64/bin/../lib/gcc/arm-none-eabi/10.1.0/thumb/v7e-m/nofp/crtbegin.o
 *(COMMON)
 COMMON         0x0000000020000190       0x21 c:/devkitpro/msys2/mingw64/bin/../lib/gcc/arm-none-eabi/10.1.0/../../../../arm-none-eabi/lib/thumb/v7e-m/nofp\libc_nano.a(lib_a-lock.o)
                0x0000000020000190                __lock___atexit_recursive_mutex
                0x0000000020000194                __lock___arc4random_mutex
                0x0000000020000198                __lock___env_recursive_mutex
                0x000000002000019c                __lock___sinit_recursive_mutex
                0x00000000200001a0                __lock___malloc_recursive_mutex
                0x00000000200001a4                __lock___at_quick_exit_mutex
                0x00000000200001a8                __lock___dd_hash_mutex
                0x00000000200001ac                __lock___tz_mutex
                0x00000000200001b0                __lock___sfp_recursive_mutex
 *fill*         0x00000000200001b1        0x3 
 COMMON         0x00000000200001b4        0x4 c:/devkitpro/msys2/mingw64/bin/../lib/gcc/arm-none-eabi/10.1.0/../../../../arm-none-eabi/lib/thumb/v7e-m/nofp\libc_nano.a(lib_a-reent.o)
                0x00000000200001b4                errno
                0x00000000200001b8                . = ALIGN (0x4)
                0x00000000200001b8                _ebss = .
                0x00000000200001b8                __bss_end__ = _ebss
                0x00000000200001b8                . = ALIGN (0x4)
                0x00000000200001b8                end = .
                0x00000000200001b8                __end__ = .
OUTPUT(final.elf elf32-littlearm)
LOAD linker stubs

.ARM.attributes
                0x0000000000000000       0x2a
 .ARM.attributes
                0x0000000000000000       0x1e c:/devkitpro/msys2/mingw64/bin/../lib/gcc/arm-none-eabi/10.1.0/thumb/v7e-m/nofp/crti.o
 .ARM.attributes
                0x000000000000001e       0x2e c:/devkitpro/msys2/mingw64/bin/../lib/gcc/arm-none-eabi/10.1.0/thumb/v7e-m/nofp/crtbegin.o
 .ARM.attributes
                0x000000000000004c       0x1c c:/devkitpro/msys2/mingw64/bin/../lib/gcc/arm-none-eabi/10.1.0/../../../../arm-none-eabi/lib/thumb/v7e-m/nofp/crt0.o
 .ARM.attributes
                0x0000000000000068       0x2e main.o
 .ARM.attributes
                0x0000000000000096       0x2e led.o
 .ARM.attributes
                0x00000000000000c4       0x2e stm32_startup.o
 .ARM.attributes
                0x00000000000000f2       0x2e syscalls.o
 .ARM.attributes
                0x0000000000000120       0x2e c:/devkitpro/msys2/mingw64/bin/../lib/gcc/arm-none-eabi/10.1.0/../../../../arm-none-eabi/lib/thumb/v7e-m/nofp\libc_nano.a(lib_a-atexit.o)
 .ARM.attributes
                0x000000000000014e       0x2e c:/devkitpro/msys2/mingw64/bin/../lib/gcc/arm-none-eabi/10.1.0/../../../../arm-none-eabi/lib/thumb/v7e-m/nofp\libc_nano.a(lib_a-errno.o)
 .ARM.attributes
                0x000000000000017c       0x2e c:/devkitpro/msys2/mingw64/bin/../lib/gcc/arm-none-eabi/10.1.0/../../../../arm-none-eabi/lib/thumb/v7e-m/nofp\libc_nano.a(lib_a-exit.o)
 .ARM.attributes
                0x00000000000001aa       0x2e c:/devkitpro/msys2/mingw64/bin/../lib/gcc/arm-none-eabi/10.1.0/../../../../arm-none-eabi/lib/thumb/v7e-m/nofp\libc_nano.a(lib_a-fini.o)
 .ARM.attributes
                0x00000000000001d8       0x2e c:/devkitpro/msys2/mingw64/bin/../lib/gcc/arm-none-eabi/10.1.0/../../../../arm-none-eabi/lib/thumb/v7e-m/nofp\libc_nano.a(lib_a-impure.o)
 .ARM.attributes
                0x0000000000000206       0x2e c:/devkitpro/msys2/mingw64/bin/../lib/gcc/arm-none-eabi/10.1.0/../../../../arm-none-eabi/lib/thumb/v7e-m/nofp\libc_nano.a(lib_a-init.o)
 .ARM.attributes
                0x0000000000000234       0x2e c:/devkitpro/msys2/mingw64/bin/../lib/gcc/arm-none-eabi/10.1.0/../../../../arm-none-eabi/lib/thumb/v7e-m/nofp\libc_nano.a(lib_a-memset.o)
 .ARM.attributes
                0x0000000000000262       0x2e c:/devkitpro/msys2/mingw64/bin/../lib/gcc/arm-none-eabi/10.1.0/../../../../arm-none-eabi/lib/thumb/v7e-m/nofp\libc_nano.a(lib_a-puts.o)
 .ARM.attributes
                0x0000000000000290       0x2e c:/devkitpro/msys2/mingw64/bin/../lib/gcc/arm-none-eabi/10.1.0/../../../../arm-none-eabi/lib/thumb/v7e-m/nofp\libc_nano.a(lib_a-wbuf.o)
 .ARM.attributes
                0x00000000000002be       0x2e c:/devkitpro/msys2/mingw64/bin/../lib/gcc/arm-none-eabi/10.1.0/../../../../arm-none-eabi/lib/thumb/v7e-m/nofp\libc_nano.a(lib_a-wsetup.o)
 .ARM.attributes
                0x00000000000002ec       0x2e c:/devkitpro/msys2/mingw64/bin/../lib/gcc/arm-none-eabi/10.1.0/../../../../arm-none-eabi/lib/thumb/v7e-m/nofp\libc_nano.a(lib_a-__atexit.o)
 .ARM.attributes
                0x000000000000031a       0x2e c:/devkitpro/msys2/mingw64/bin/../lib/gcc/arm-none-eabi/10.1.0/../../../../arm-none-eabi/lib/thumb/v7e-m/nofp\libc_nano.a(lib_a-__call_atexit.o)
 .ARM.attributes
                0x0000000000000348       0x2e c:/devkitpro/msys2/mingw64/bin/../lib/gcc/arm-none-eabi/10.1.0/../../../../arm-none-eabi/lib/thumb/v7e-m/nofp\libc_nano.a(lib_a-fflush.o)
 .ARM.attributes
                0x0000000000000376       0x2e c:/devkitpro/msys2/mingw64/bin/../lib/gcc/arm-none-eabi/10.1.0/../../../../arm-none-eabi/lib/thumb/v7e-m/nofp\libc_nano.a(lib_a-findfp.o)
 .ARM.attributes
                0x00000000000003a4       0x2e c:/devkitpro/msys2/mingw64/bin/../lib/gcc/arm-none-eabi/10.1.0/../../../../arm-none-eabi/lib/thumb/v7e-m/nofp\libc_nano.a(lib_a-fwalk.o)
 .ARM.attributes
                0x00000000000003d2       0x2e c:/devkitpro/msys2/mingw64/bin/../lib/gcc/arm-none-eabi/10.1.0/../../../../arm-none-eabi/lib/thumb/v7e-m/nofp\libc_nano.a(lib_a-lock.o)
 .ARM.attributes
                0x0000000000000400       0x2e c:/devkitpro/msys2/mingw64/bin/../lib/gcc/arm-none-eabi/10.1.0/../../../../arm-none-eabi/lib/thumb/v7e-m/nofp\libc_nano.a(lib_a-makebuf.o)
 .ARM.attributes
                0x000000000000042e       0x2e c:/devkitpro/msys2/mingw64/bin/../lib/gcc/arm-none-eabi/10.1.0/../../../../arm-none-eabi/lib/thumb/v7e-m/nofp\libc_nano.a(lib_a-nano-freer.o)
 .ARM.attributes
                0x000000000000045c       0x2e c:/devkitpro/msys2/mingw64/bin/../lib/gcc/arm-none-eabi/10.1.0/../../../../arm-none-eabi/lib/thumb/v7e-m/nofp\libc_nano.a(lib_a-nano-mallocr.o)
 .ARM.attributes
                0x000000000000048a       0x2e c:/devkitpro/msys2/mingw64/bin/../lib/gcc/arm-none-eabi/10.1.0/../../../../arm-none-eabi/lib/thumb/v7e-m/nofp\libc_nano.a(lib_a-sbrkr.o)
 .ARM.attributes
                0x00000000000004b8       0x2e c:/devkitpro/msys2/mingw64/bin/../lib/gcc/arm-none-eabi/10.1.0/../../../../arm-none-eabi/lib/thumb/v7e-m/nofp\libc_nano.a(lib_a-stdio.o)
 .ARM.attributes
                0x00000000000004e6       0x2e c:/devkitpro/msys2/mingw64/bin/../lib/gcc/arm-none-eabi/10.1.0/../../../../arm-none-eabi/lib/thumb/v7e-m/nofp\libc_nano.a(lib_a-writer.o)
 .ARM.attributes
                0x0000000000000514       0x2e c:/devkitpro/msys2/mingw64/bin/../lib/gcc/arm-none-eabi/10.1.0/../../../../arm-none-eabi/lib/thumb/v7e-m/nofp\libc_nano.a(lib_a-closer.o)
 .ARM.attributes
                0x0000000000000542       0x2e c:/devkitpro/msys2/mingw64/bin/../lib/gcc/arm-none-eabi/10.1.0/../../../../arm-none-eabi/lib/thumb/v7e-m/nofp\libc_nano.a(lib_a-fstatr.o)
 .ARM.attributes
                0x0000000000000570       0x2e c:/devkitpro/msys2/mingw64/bin/../lib/gcc/arm-none-eabi/10.1.0/../../../../arm-none-eabi/lib/thumb/v7e-m/nofp\libc_nano.a(lib_a-isattyr.o)
 .ARM.attributes
                0x000000000000059e       0x2e c:/devkitpro/msys2/mingw64/bin/../lib/gcc/arm-none-eabi/10.1.0/../../../../arm-none-eabi/lib/thumb/v7e-m/nofp\libc_nano.a(lib_a-lseekr.o)
 .ARM.attributes
                0x00000000000005cc       0x2e c:/devkitpro/msys2/mingw64/bin/../lib/gcc/arm-none-eabi/10.1.0/../../../../arm-none-eabi/lib/thumb/v7e-m/nofp\libc_nano.a(lib_a-mlock.o)
 .ARM.attributes
                0x00000000000005fa       0x2e c:/devkitpro/msys2/mingw64/bin/../lib/gcc/arm-none-eabi/10.1.0/../../../../arm-none-eabi/lib/thumb/v7e-m/nofp\libc_nano.a(lib_a-readr.o)
 .ARM.attributes
                0x0000000000000628       0x2e c:/devkitpro/msys2/mingw64/bin/../lib/gcc/arm-none-eabi/10.1.0/../../../../arm-none-eabi/lib/thumb/v7e-m/nofp\libc_nano.a(lib_a-reent.o)
 .ARM.attributes
                0x0000000000000656       0x2e c:/devkitpro/msys2/mingw64/bin/../lib/gcc/arm-none-eabi/10.1.0/thumb/v7e-m/nofp/crtend.o
 .ARM.attributes
                0x0000000000000684       0x1e c:/devkitpro/msys2/mingw64/bin/../lib/gcc/arm-none-eabi/10.1.0/thumb/v7e-m/nofp/crtn.o

.comment        0x0000000000000000       0x12
 .comment       0x0000000000000000       0x12 main.o
                                         0x13 (size before relaxing)
 .comment       0x0000000000000012       0x13 led.o
 .comment       0x0000000000000012       0x13 stm32_startup.o
 .comment       0x0000000000000012       0x13 syscalls.o

.debug_frame    0x0000000000000000      0x82c
 .debug_frame   0x0000000000000000       0x20 c:/devkitpro/msys2/mingw64/bin/../lib/gcc/arm-none-eabi/10.1.0/../../../../arm-none-eabi/lib/thumb/v7e-m/nofp\libc_nano.a(lib_a-atexit.o)
 .debug_frame   0x0000000000000020       0x20 c:/devkitpro/msys2/mingw64/bin/../lib/gcc/arm-none-eabi/10.1.0/../../../../arm-none-eabi/lib/thumb/v7e-m/nofp\libc_nano.a(lib_a-errno.o)
 .debug_frame   0x0000000000000040       0x28 c:/devkitpro/msys2/mingw64/bin/../lib/gcc/arm-none-eabi/10.1.0/../../../../arm-none-eabi/lib/thumb/v7e-m/nofp\libc_nano.a(lib_a-exit.o)
 .debug_frame   0x0000000000000068       0x34 c:/devkitpro/msys2/mingw64/bin/../lib/gcc/arm-none-eabi/10.1.0/../../../../arm-none-eabi/lib/thumb/v7e-m/nofp\libc_nano.a(lib_a-fini.o)
 .debug_frame   0x000000000000009c       0x2c c:/devkitpro/msys2/mingw64/bin/../lib/gcc/arm-none-eabi/10.1.0/../../../../arm-none-eabi/lib/thumb/v7e-m/nofp\libc_nano.a(lib_a-init.o)
 .debug_frame   0x00000000000000c8       0x38 c:/devkitpro/msys2/mingw64/bin/../lib/gcc/arm-none-eabi/10.1.0/../../../../arm-none-eabi/lib/thumb/v7e-m/nofp\libc_nano.a(lib_a-memset.o)
 .debug_frame   0x0000000000000100       0x40 c:/devkitpro/msys2/mingw64/bin/../lib/gcc/arm-none-eabi/10.1.0/../../../../arm-none-eabi/lib/thumb/v7e-m/nofp\libc_nano.a(lib_a-puts.o)
 .debug_frame   0x0000000000000140       0x40 c:/devkitpro/msys2/mingw64/bin/../lib/gcc/arm-none-eabi/10.1.0/../../../../arm-none-eabi/lib/thumb/v7e-m/nofp\libc_nano.a(lib_a-wbuf.o)
 .debug_frame   0x0000000000000180       0x2c c:/devkitpro/msys2/mingw64/bin/../lib/gcc/arm-none-eabi/10.1.0/../../../../arm-none-eabi/lib/thumb/v7e-m/nofp\libc_nano.a(lib_a-wsetup.o)
 .debug_frame   0x00000000000001ac       0x34 c:/devkitpro/msys2/mingw64/bin/../lib/gcc/arm-none-eabi/10.1.0/../../../../arm-none-eabi/lib/thumb/v7e-m/nofp\libc_nano.a(lib_a-__atexit.o)
 .debug_frame   0x00000000000001e0       0x4c c:/devkitpro/msys2/mingw64/bin/../lib/gcc/arm-none-eabi/10.1.0/../../../../arm-none-eabi/lib/thumb/v7e-m/nofp\libc_nano.a(lib_a-__call_atexit.o)
 .debug_frame   0x000000000000022c       0x5c c:/devkitpro/msys2/mingw64/bin/../lib/gcc/arm-none-eabi/10.1.0/../../../../arm-none-eabi/lib/thumb/v7e-m/nofp\libc_nano.a(lib_a-fflush.o)
 .debug_frame   0x0000000000000288      0x158 c:/devkitpro/msys2/mingw64/bin/../lib/gcc/arm-none-eabi/10.1.0/../../../../arm-none-eabi/lib/thumb/v7e-m/nofp\libc_nano.a(lib_a-findfp.o)
 .debug_frame   0x00000000000003e0       0x54 c:/devkitpro/msys2/mingw64/bin/../lib/gcc/arm-none-eabi/10.1.0/../../../../arm-none-eabi/lib/thumb/v7e-m/nofp\libc_nano.a(lib_a-fwalk.o)
 .debug_frame   0x0000000000000434       0xb0 c:/devkitpro/msys2/mingw64/bin/../lib/gcc/arm-none-eabi/10.1.0/../../../../arm-none-eabi/lib/thumb/v7e-m/nofp\libc_nano.a(lib_a-lock.o)
 .debug_frame   0x00000000000004e4       0x64 c:/devkitpro/msys2/mingw64/bin/../lib/gcc/arm-none-eabi/10.1.0/../../../../arm-none-eabi/lib/thumb/v7e-m/nofp\libc_nano.a(lib_a-makebuf.o)
 .debug_frame   0x0000000000000548       0x58 c:/devkitpro/msys2/mingw64/bin/../lib/gcc/arm-none-eabi/10.1.0/../../../../arm-none-eabi/lib/thumb/v7e-m/nofp\libc_nano.a(lib_a-nano-freer.o)
 .debug_frame   0x00000000000005a0       0x30 c:/devkitpro/msys2/mingw64/bin/../lib/gcc/arm-none-eabi/10.1.0/../../../../arm-none-eabi/lib/thumb/v7e-m/nofp\libc_nano.a(lib_a-nano-mallocr.o)
 .debug_frame   0x00000000000005d0       0x2c c:/devkitpro/msys2/mingw64/bin/../lib/gcc/arm-none-eabi/10.1.0/../../../../arm-none-eabi/lib/thumb/v7e-m/nofp\libc_nano.a(lib_a-sbrkr.o)
 .debug_frame   0x00000000000005fc       0x8c c:/devkitpro/msys2/mingw64/bin/../lib/gcc/arm-none-eabi/10.1.0/../../../../arm-none-eabi/lib/thumb/v7e-m/nofp\libc_nano.a(lib_a-stdio.o)
 .debug_frame   0x0000000000000688       0x2c c:/devkitpro/msys2/mingw64/bin/../lib/gcc/arm-none-eabi/10.1.0/../../../../arm-none-eabi/lib/thumb/v7e-m/nofp\libc_nano.a(lib_a-writer.o)
 .debug_frame   0x00000000000006b4       0x2c c:/devkitpro/msys2/mingw64/bin/../lib/gcc/arm-none-eabi/10.1.0/../../../../arm-none-eabi/lib/thumb/v7e-m/nofp\libc_nano.a(lib_a-closer.o)
 .debug_frame   0x00000000000006e0       0x2c c:/devkitpro/msys2/mingw64/bin/../lib/gcc/arm-none-eabi/10.1.0/../../../../arm-none-eabi/lib/thumb/v7e-m/nofp\libc_nano.a(lib_a-fstatr.o)
 .debug_frame   0x000000000000070c       0x2c c:/devkitpro/msys2/mingw64/bin/../lib/gcc/arm-none-eabi/10.1.0/../../../../arm-none-eabi/lib/thumb/v7e-m/nofp\libc_nano.a(lib_a-isattyr.o)
 .debug_frame   0x0000000000000738       0x2c c:/devkitpro/msys2/mingw64/bin/../lib/gcc/arm-none-eabi/10.1.0/../../../../arm-none-eabi/lib/thumb/v7e-m/nofp\libc_nano.a(lib_a-lseekr.o)
 .debug_frame   0x0000000000000764       0x30 c:/devkitpro/msys2/mingw64/bin/../lib/gcc/arm-none-eabi/10.1.0/../../../../arm-none-eabi/lib/thumb/v7e-m/nofp\libc_nano.a(lib_a-mlock.o)
 .debug_frame   0x0000000000000794       0x2c c:/devkitpro/msys2/mingw64/bin/../lib/gcc/arm-none-eabi/10.1.0/../../../../arm-none-eabi/lib/thumb/v7e-m/nofp\libc_nano.a(lib_a-readr.o)
 .debug_frame   0x00000000000007c0       0x6c c:/devkitpro/msys2/mingw64/bin/../lib/gcc/arm-none-eabi/10.1.0/../../../../arm-none-eabi/lib/thumb/v7e-m/nofp\libc_nano.a(lib_a-reent.o)
